// Jest Snapshot v1, https://goo.gl/fbAQLP

exports[`should an empty unit list when no units are passed in 1`] = `
<div>
  <div>
    <span>
      No Units
    </span>
  </div>
</div>
`;

exports[`should render units in list when units are passed in 1`] = `
<div>
  <UnitListItem
    adjustHitpoints={[Function]}
    currentHitPoints={12}
    down={[Function]}
    downed={false}
    id="1234567890"
    key="1234567890"
    magicAttack={7}
    magicDefence={10}
    maxHitPoints={12}
    name="first"
    physicalAttack={5}
    physicalDefence={8}
    speed={2}
    status={Array []}
    types={
      Array [
        "1",
      ]
    }
  />
  <UnitListItem
    adjustHitpoints={[Function]}
    currentHitPoints={25}
    down={[Function]}
    downed={false}
    id="21283959"
    key="21283959"
    magicAttack={3}
    magicDefence={4}
    maxHitPoints={25}
    name="second"
    physicalAttack={17}
    physicalDefence={10}
    speed={7}
    status={Array []}
    types={
      Array [
        "2",
      ]
    }
  />
  <UnitListItem
    adjustHitpoints={[Function]}
    currentHitPoints={10}
    down={[Function]}
    downed={true}
    id="5729598234"
    key="5729598234"
    magicAttack={10}
    magicDefence={18}
    maxHitPoints={10}
    name="third"
    physicalAttack={12}
    physicalDefence={22}
    speed={3}
    status={
      Array [
        "badStatus",
      ]
    }
    types={
      Array [
        "3",
      ]
    }
  />
</div>
`;
